---
source: libs/wingc/src/jsify/tests.rs
---
## Code

```w

    class PreflightC {
      pub inflight bar() {}
    }
    let pc = new PreflightC();

    inflight class InflightC {
      pub foo() {
        pc.bar();
      }
    }

    test "test" {
      let ic = new InflightC();
      ic.foo();
    }
    
```

## inflight.$Closure1-1.js

```js
"use strict";
const $helpers = require("@winglang/sdk/lib/helpers");
module.exports = function({ $InflightC }) {
  class $Closure1 {
    constructor({  }) {
      const $obj = (...args) => this.handle(...args);
      Object.setPrototypeOf($obj, this);
      return $obj;
    }
    async handle() {
      const ic = (await (async () => {const o = new $InflightC(); await o.$inflight_init?.(); return o; })());
      (await ic.foo());
    }
  }
  return $Closure1;
}
//# sourceMappingURL=inflight.$Closure1-1.js.map
```

## inflight.InflightC-1.js

```js
"use strict";
const $helpers = require("@winglang/sdk/lib/helpers");
module.exports = function({ $pc }) {
  class InflightC {
    async foo() {
      (await $pc.bar());
    }
  }
  return InflightC;
}
//# sourceMappingURL=inflight.InflightC-1.js.map
```

## inflight.PreflightC-1.js

```js
"use strict";
const $helpers = require("@winglang/sdk/lib/helpers");
module.exports = function({  }) {
  class PreflightC {
    constructor({  }) {
    }
    async bar() {
    }
  }
  return PreflightC;
}
//# sourceMappingURL=inflight.PreflightC-1.js.map
```

## preflight.js

```js
"use strict";
const $stdlib = require('@winglang/sdk');
const $platforms = ((s) => !s ? [] : s.split(';'))(process.env.WING_PLATFORMS);
const $outdir = process.env.WING_SYNTH_DIR ?? ".";
const $wing_is_test = process.env.WING_IS_TEST === "true";
const std = $stdlib.std;
const $helpers = $stdlib.helpers;
class $Root extends $stdlib.std.Resource {
  constructor($scope, $id) {
    super($scope, $id);
    class PreflightC extends $stdlib.std.Resource {
      constructor($scope, $id, ) {
        super($scope, $id);
      }
      static _toInflightType() {
        return `
          require("${$helpers.normalPath(__dirname)}/inflight.PreflightC-1.js")({
          })
        `;
      }
      _toInflight() {
        return `
          (await (async () => {
            const PreflightCClient = ${PreflightC._toInflightType()};
            const client = new PreflightCClient({
            });
            if (client.$inflight_init) { await client.$inflight_init(); }
            return client;
          })())
        `;
      }
      get _liftMap() {
        return ({
          "bar": [
          ],
          "$inflight_init": [
          ],
        });
      }
    }
    class InflightC extends $stdlib.std.Resource {
      constructor($scope, $id, ) {
        super($scope, $id);
      }
      static _toInflightType() {
        return `
          require("${$helpers.normalPath(__dirname)}/inflight.InflightC-1.js")({
            $pc: ${$stdlib.core.liftObject(pc)},
          })
        `;
      }
      _toInflight() {
        return `
          (await (async () => {
            const InflightCClient = ${InflightC._toInflightType()};
            const client = new InflightCClient({
            });
            if (client.$inflight_init) { await client.$inflight_init(); }
            return client;
          })())
        `;
      }
      get _liftMap() {
        return ({
          "foo": [
            [pc, ["bar"]],
          ],
          "$inflight_init": [
            [pc, []],
          ],
        });
      }
    }
    const $InflightC_1 = new InflightC(this, "$InflightC_1");
    class $Closure1 extends $stdlib.std.AutoIdResource {
      _id = $stdlib.core.closureId();
      constructor($scope, $id, ) {
        super($scope, $id);
        $helpers.nodeof(this).hidden = true;
      }
      static _toInflightType() {
        return `
          require("${$helpers.normalPath(__dirname)}/inflight.$Closure1-1.js")({
            $InflightC: ${$stdlib.core.liftObject(InflightC)},
          })
        `;
      }
      _toInflight() {
        return `
          (await (async () => {
            const $Closure1Client = ${$Closure1._toInflightType()};
            const client = new $Closure1Client({
            });
            if (client.$inflight_init) { await client.$inflight_init(); }
            return client;
          })())
        `;
      }
      get _liftMap() {
        return ({
          "handle": [
            [$InflightC_1, ["foo"]],
            [InflightC, []],
          ],
          "$inflight_init": [
            [$InflightC_1, []],
            [InflightC, []],
          ],
        });
      }
    }
    const pc = new PreflightC(this, "PreflightC");
    this.node.root.new("@winglang/sdk.std.Test", std.Test, this, "test:test", new $Closure1(this, "$Closure1"));
  }
}
const $PlatformManager = new $stdlib.platform.PlatformManager({platformPaths: $platforms});
const $APP = $PlatformManager.createApp({ outdir: $outdir, name: "main", rootConstruct: $Root, isTestEnvironment: $wing_is_test, entrypointDir: process.env['WING_SOURCE_DIR'], rootId: process.env['WING_ROOT_ID'] });
$APP.synth();
//# sourceMappingURL=preflight.js.map
```

